razibit: apostrophe@apostrophe-Nitro-AN515-58:~$ brightnessctl -d nvidia_wmi_ec_backlight set 25%
Can't modify brightness: Permission denied

You should run this program with root privileges.
Alternatively, get write permissions for device files.
apostrophe@apostrophe-Nitro-AN515-58:~$ brightnessctl -d nvidia_wmi_ec_backlight info
Device 'nvidia_wmi_ec_backlight' of class 'backlight':
	Current brightness: 2 (1%)
	Max brightness: 255


they change the value but, doesn't change the brightness. What could be the reason?

GitHub Copilot: I'll create a short todo plan and then inspect the system's backlight interfaces and kernel drivers to see why writes don't affect the panel; expected outcome: list backlight devices, their sysfs values, and relevant kernel modules/logs so I can recommend fixes. I'll start by creating the todo list and marking the first item in-progress. 

Created 5 todos

Now I'll check the workspace for any relevant files (like README or scripts) but the main investigation requires system inspection; I'll run read-only shell commands to list sysfs backlight entries and check dmesg. I will run commands in the terminal to gather that info. 

Ran terminal command: ls -l /sys/class/backlight || true; echo '---'; for d in /sys/class/backlight/*; do echo "Device: $(basename $d)"; echo "  max: $(cat $d/max_brightness 2>/dev/null || echo N/A)"; echo "  cur: $(cat $d/brightness 2>/dev/null || echo N/A)"; echo "  actual: $(cat $d/actual_brightness 2>/dev/null || echo N/A)"; echo "  path: $d"; echo; done || true

Starting (2/5) *Test changing correct device as root*

I'll try writing to the sysfs brightness file as root to see if it actually changes—this will show if permission was the only problem or if the driver isn't hooked to the hardware. I'll run a harmless change (set to 5) and then restore original value. I'll run commands as root with sudo (may prompt for password). If sudo isn't available, I'll note it. 

Ran terminal command: orig=$(cat /sys/class/backlight/nvidia_wmi_ec_backlight/brightness) && echo Orig:$orig && sudo sh -c 'echo 5 > /sys/class/backlight/nvidia_wmi_ec_backlight/brightness' 2>&1 | sed -n '1,200p' || true; echo 'After write, values:'; cat /sys/class/backlight/nvidia_wmi_ec_backlight/brightness; sleep 1; sudo sh -c "echo $orig > /sys/class/backlight/nvidia_wmi_ec_backlight/brightness" || true; echo Restored && cat /sys/class/backlight/nvidia_wmi_ec_backlight/brightness

I'll run a small batch of system queries to collect kernel logs and loaded modules related to backlight and NVIDIA so we can see why the device file writes don't change the panel. Expected outcome: list of relevant modules, dmesg lines, and kernel cmdline. 

Ran terminal command: echo 'Loaded modules (filtered):'; lsmod | egrep 'nvidia|nouveau|i915|wmi|video' || true; echo; echo 'dmesg backlight/nvidia/wmi entries:'; dmesg | egrep -i 'backlight|nvidia|wmi|brightness|acpi' | sed -n '1,200p' || true; echo; echo 'Kernel cmdline:'; cat /proc/cmdline || true; echo; echo 'Session type (if available):'; echo $XDG_SESSION_TYPE || true

I'll run a few diagnostic commands as root to fetch kernel logs and X11 output that require elevated permissions; outcome: more precise dmesg and Xorg info to explain why writes don't change hardware brightness. 

Ran terminal command: sudo dmesg | egrep -i 'backlight|acpi|nvidia|wmi|brightness' || true; echo '---'; sudo journalctl -b -k --no-pager | egrep -i 'backlight|acpi|nvidia|wmi|brightness' || true; echo '---'; ls -l /sys/devices/*/*/backlight 2>/dev/null || true; echo '---'; xrandr --verbose 2>/dev/null | egrep -i 'connected|Brightness|backlight' || true

Next I'll inspect DRM connector and backlight device relationships to identify which driver controls the internal panel. I'll read connector/device links in /sys/class/drm and the backlight device's device path. Expected outcome: confirm whether i915 or nvidia is bound to the panel, and whether backlight is handled by EC, intel, or NVIDIA. 

Ran terminal command: ls -l /sys/class/drm || true; echo; for c in /sys/class/drm/*eDP* /sys/class/drm/*-* 2>/dev/null; do [ -e "$c" ] || continue; echo 'Connector:' $(basename $c); echo '  status:' $(cat $c/status 2>/dev/null || echo N/A); echo '  device link:'; ls -l $c/device 2>/dev/null || true; echo; done; echo 'Backlight device path:'; readlink -f /sys/class/backlight/nvidia_wmi_ec_backlight || true; ls -l /sys/class/backlight/nvidia_wmi_ec_backlight || true; echo; echo 'Contents of backlight device dir:'; ls -l /sys/class/backlight/nvidia_wmi_ec_backlight/* 2>/dev/null || true

Ran terminal command: ls -l /sys/class/drm || true; echo; for c in /sys/class/drm/*eDP* /sys/class/drm/*-* 2>/dev/null; do [ -e "$c" ] || continue; echo 'Connector:' $(basename $c); echo '  status:' $(cat $c/status 2>/dev/null || echo N/A); echo '  device link:'; ls -l $c/device 2>/dev/null || true; echo; done; echo 'Backlight device path:'; readlink -f /sys/class/backlight/nvidia_wmi_ec_backlight || true; ls -l /sys/class/backlight/nvidia_wmi_ec_backlight || true; echo; echo 'Contents of backlight device dir:'; ls -l /sys/class/backlight/nvidia_wmi_ec_backlight/* 2>/dev/null || true

Ran terminal command: ls -l /sys/class/drm || true; echo '---'; for c in /sys/class/drm/* 2>/dev/null; do echo 'Connector:' $(basename $c); echo '  status:' $(cat $c/status 2>/dev/null || echo N/A); echo '  device:'; readlink -f $c/device || true; echo; done; echo '---'; echo 'Backlight device path:'; readlink -f /sys/class/backlight/nvidia_wmi_ec_backlight || true; echo 'Backlight files:'; ls -l /sys/class/backlight/nvidia_wmi_ec_backlight || true

I'll update the todo list (mark test write completed and start kernel/modules/logs checks), then run a couple of device-mapping commands (readlink and udevadm) to confirm which driver/ACPI device the backlight node belongs to. Expected outcome: device path and udev attributes to inform the recommended fixes. 

Starting (3/5) *Check kernel modules and logs*

Now I'll run safer, simpler commands (one at a time) to map the backlight device path and query udev info. This avoids complex shell expansions that caused the previous syntax error. I'll read the device link and udev attributes for the backlight. 

Ran terminal command: readlink -f /sys/class/backlight/nvidia_wmi_ec_backlight || true; echo '----'; udevadm info -q all -p $(readlink -f /sys/class/backlight/nvidia_wmi_ec_backlight) 2>/dev/null || true

I'll diagnose why writing to `nvidia_wmi_ec_backlight` doesn't actually change the screen brightness, show the key evidence from your machine, and give concrete fixes (quick workarounds and kernel/module changes) you can try.

What I checked (quick summary)
- Listed backlight devices: only `nvidia_wmi_ec_backlight` exists.
- Confirmed writing to brightness as root succeeds (the file changes) but the panel brightness did not change.
- Collected kernel logs: i915 reported "Skipping intel_backlight registration". The backlight sysfs entry belongs to a WMI/EC device (not under the i915 DRM device).
- xrandr shows the panel `eDP-1` is present and has a software brightness property.

Key evidence from your machine
- Backlight node and its device path:
  /sys/class/backlight/nvidia_wmi_ec_backlight -> /sys/devices/pci0000:00/PNP0C14:01/wmi_bus/.../backlight/nvidia_wmi_ec_backlight
  udev: SUBSYSTEM=backlight, M: nvidia_wmi_ec_backlight

- dmesg relevant lines:
  - "i915 0000:00:02.0: [drm] Skipping intel_backlight registration"
  - NVIDIA modules are loaded (nvidia, nvidia_drm, nvidia_modeset) and `nvidia_wmi_ec_backlight` module is present.

Why writes to that sysfs file don't change the actual panel brightness
- The `nvidia_wmi_ec_backlight` device you wrote to is an ACPI/WMI-backed EC (embedded controller) entry. It exists and is writable, but it is not necessarily the control path actually wired to the laptop panel.
- The real panel backlight is normally exposed/managed by the GPU driver that owns the internal eDP connector (commonly the Intel iGPU on hybrid laptops). Here, i915 skipped registering `intel_backlight` (see dmesg). If the Intel path is not registered, or the wrong ACPI backlight handler grabbed the device first, the EC-backed sysfs node can exist but not be the one that actually controls the panel hardware. In short: the file changes, but the panel isn't listening on that interface.
- You also have software brightness (xrandr/ compositor) in use — xrandr reports a Brightness property for `eDP-1`. That is a separate, software-level adjustment and does not indicate the hardware backlight is being controlled.

Practical fixes and workarounds (ordered by ease / safety)

1) Quick temporary workaround — software brightness (no reboot)
- Use xrandr to change the effective screen brightness (software-based):
  ```
  xrandr --output eDP-1 --brightness 0.5
  ```
  Pros: immediate, no reboot. Cons: software-only (backlight unaffected, may reduce contrast, uses more power).

2) Confirm device mappings (diagnostic, no change)
- Run these to double-check what we saw:
  ```
  ls -l /sys/class/backlight
  readlink -f /sys/class/backlight/nvidia_wmi_ec_backlight
  sudo dmesg | egrep -i 'backlight|acpi|intel_backlight|nvidia|wmi'
  lspci -k | egrep -i 'vga|display' -A2
  ```
  This will confirm whether the backlight node is under a `wmi_bus` path (not under an i915 DRM device) and show the driver bindings.

3) Try kernel boot parameters to prefer the native (intel) backlight
- If the panel is actually driven by i915 but i915 didn't register its backlight, try adding kernel boot parameters and rebooting:
  - First try (often recommended):
    - Add acpi_backlight=native
  - Alternative tries if native doesn't help:
    - acpi_backlight=vendor
    - video.use_native_backlight=1
- How to test (edit GRUB and reboot):
  - Edit grub, find GRUB_CMDLINE_LINUX_DEFAULT and append e.g. `acpi_backlight=native`, then:
    ```
    sudo update-grub
    sudo reboot
    ```
  - After reboot, check `ls /sys/class/backlight` and dmesg for "intel_backlight" registration.

Notes: try the three options one at a time (reboot between tries). Sometimes `vendor` works, sometimes `native` or `video.use_native_backlight=1` is required depending on firmware.

4) NVIDIA module option (if you want NVIDIA's handler)
- The out-of-tree NVIDIA driver provides a backlight handler option. You can try enabling it (may or may not help depending on how the panel is wired):
  - Add a modprobe config:
    ```
    echo 'options nvidia NVreg_EnableBacklightHandler=1' | sudo tee /etc/modprobe.d/nvidia-backlight.conf
    sudo update-initramfs -u
    sudo reboot
    ```
  - After reboot check `ls /sys/class/backlight` and try changing brightness as root.
  Note: If Secure Boot is enabled, unsigned module changes or initramfs changes may be blocked; you may need to disable Secure Boot or sign modules.

5) If the panel is actually on i915 (common for Optimus laptops)
- Goal: let the i915 driver register `intel_backlight`. The `Skipping intel_backlight registration` message appears when another backlight device is already present or the driver decided not to register. Using `acpi_backlight=native` or `video.use_native_backlight=1` often makes i915 create `intel_backlight`, which is the correct control for many laptops. After that, use `brightnessctl -d intel_backlight set 50%` or write to `.../intel_backlight/brightness`.

6) If nothing works — fallback and next steps
- Use software brightness (xrandr/compositor) as permanent workaround.
- Collect and share these outputs so I can propose the exact next kernel or driver change:
  - `ls -l /sys/class/backlight`
  - `readlink -f /sys/class/backlight/*`
  - `sudo dmesg | egrep -i 'backlight|acpi|intel_backlight|nvidia|wmi'`
  - `lspci -k | egrep -i 'vga|display' -A3`
  - `cat /proc/cmdline`
I can parse them and suggest the single best kernel param / module option for your hardware/firmware.

Short diagnosis summary (one-liner)
- The `nvidia_wmi_ec_backlight` sysfs file you wrote to is a WMI/EC device and is not the backlight control path the panel is actually listening on — i915 skipped registering its `intel_backlight`, so the "right" hardware control isn't bound to the DRM connector. The file changes but the panel hardware doesn't.

What I changed / did here
- I inspected your system (listed backlight devices, tested a root write, inspected kernel logs) and confirmed writes succeed but don't affect the panel. I did not make any persistent system changes.

Next step (pick one)
- If you want, I can:
  - Guide you step-by-step to try `acpi_backlight=native` (or `vendor`) and test (requires a reboot).
  - Help add the NVIDIA module option and reboot/test.
  - Help gather the exact diagnostic outputs (commands above) and recommend the single best fix for your exact laptop model.

Which would you like to try first? If you prefer, paste the outputs from the diagnostic commands I listed and I’ll recommend the exact kernel param or module option to apply.  - After reboot check `ls /sys/class/backlight` and try changing brightness as root.
  Note: If Secure Boot is enabled, unsigned module changes or initramfs changes may be blocked; you may need to disable Secure Boot or sign modules.

5) If the panel is actually on i915 (common for Optimus laptops)
- Goal: let the i915 driver register `intel_backlight`. The `Skipping intel_backlight registration` message appears when another backlight device is already present or the driver decided not to register. Using `acpi_backlight=native` or `video.use_native_backlight=1` often makes i915 create `intel_backlight`, which is the correct control for many laptops. After that, use `brightnessctl -d intel_backlight set 50%` or write to `.../intel_backlight/brightness`.

6) If nothing works — fallback and next steps
- Use software brightness (xrandr/compositor) as permanent workaround.
- Collect and share these outputs so I can propose the exact next kernel or driver change:
  - `ls -l /sys/class/backlight`
  - `readlink -f /sys/class/backlight/*`
  - `sudo dmesg | egrep -i 'backlight|acpi|intel_backlight|nvidia|wmi'`
  - `lspci -k | egrep -i 'vga|display' -A3`
  - `cat /proc/cmdline`
I can parse them and suggest the single best kernel param / module option for your hardware/firmware.

Short diagnosis summary (one-liner)
- The `nvidia_wmi_ec_backlight` sysfs file you wrote to is a WMI/EC device and is not the backlight control path the panel is actually listening on — i915 skipped registering its `intel_backlight`, so the "right" hardware control isn't bound to the DRM connector. The file changes but the panel hardware doesn't.

What I changed / did here
- I inspected your system (listed backlight devices, tested a root write, inspected kernel logs) and confirmed writes succeed but don't affect the panel. I did not make any persistent system changes.

Next step (pick one)
- If you want, I can:
  - Guide you step-by-step to try `acpi_backlight=native` (or `vendor`) and test (requires a reboot).
  - Help add the NVIDIA module option and reboot/test.
  - Help gather the exact diagnostic outputs (commands above) and recommend the single best fix for your exact laptop model.

Which would you like to try first? If you prefer, paste the outputs from the diagnostic commands I listed and I’ll recommend the exact kernel param or module option to apply.

razibit: apostrophe@apostrophe-Nitro-AN515-58:~$ ls -l /sys/class/backlight
readlink -f /sys/class/backlight/nvidia_wmi_ec_backlight
sudo dmesg | egrep -i 'backlight|acpi|intel_backlight|nvidia|wmi'
lspci -k | egrep -i 'vga|display' -A2
total 0
lrwxrwxrwx 1 root root 0 Sep 15 02:46 nvidia_wmi_ec_backlight -> ../../devices/pci0000:00/PNP0C14:01/wmi_bus/wmi_bus-PNP0C14:01/603E9613-EF25-4338-A3D0-C46177516DB7/backlight/nvidia_wmi_ec_backlight
/sys/devices/pci0000:00/PNP0C14:01/wmi_bus/wmi_bus-PNP0C14:01/603E9613-EF25-4338-A3D0-C46177516DB7/backlight/nvidia_wmi_ec_backlight
[sudo] password for apostrophe: 
[    0.000000] BIOS-e820: [mem 0x0000000040a0f000-0x00000000439befff] ACPI NVS
[    0.000000] BIOS-e820: [mem 0x00000000439bf000-0x0000000043afefff] ACPI data
[    0.000000] reserve setup_data: [mem 0x0000000040a0f000-0x00000000439befff] ACPI NVS
[    0.000000] reserve setup_data: [mem 0x00000000439bf000-0x0000000043afefff] ACPI data
[    0.000000] efi: ACPI=0x43afe000 ACPI 2.0=0x43afe014 TPMFinalLog=0x43916000 SMBIOS=0x3f036000 MEMATTR=0x362bd018 ESRT=0x38927998 MOKvar=0x3ef67000 INITRD=0x362c2298 RNG=0x43a30018 TPMEventLog=0x43a24018 
[    0.005418] ACPI: Early table checksum verification disabled
[    0.005421] ACPI: RSDP 0x0000000043AFE014 000024 (v02 ACRSYS)
[    0.005424] ACPI: XSDT 0x0000000043A31228 00016C (v01 ACRSYS ACRPRDCT 00000002      01000013)
[    0.005429] ACPI: FACP 0x0000000043AC1000 000114 (v06 ACRSYS ACRPRDCT 00000002 1025 00040000)
[    0.005432] ACPI: DSDT 0x0000000043A49000 074CEE (v02 ACRSYS ACRPRDCT 00000002 1025 00040000)
[    0.005434] ACPI: FACS 0x00000000438EF000 000040
[    0.005436] ACPI: UEFI 0x00000000439BE000 000236 (v01 ACRSYS ACRPRDCT 00000001 1025 00040000)
[    0.005437] ACPI: SSDT 0x0000000043AF9000 00379D (v02 ACRSYS ACRPRDCT 00001000 1025 00040000)
[    0.005439] ACPI: SSDT 0x0000000043AF8000 00038C (v02 ACRSYS ACRPRDCT 00000001 1025 00040000)
[    0.005440] ACPI: SSDT 0x0000000043AF7000 000106 (v02 ACRSYS ACRPRDCT 00003000 1025 00040000)
[    0.005442] ACPI: SSDT 0x0000000043AF1000 005D22 (v02 ACRSYS ACRPRDCT 00003000 1025 00040000)
[    0.005443] ACPI: SSDT 0x0000000043AEE000 002B22 (v02 ACRSYS ACRPRDCT 00003000 1025 00040000)
[    0.005445] ACPI: SSDT 0x0000000043AEA000 0033D3 (v02 ACRSYS ACRPRDCT 00003000 1025 00040000)
[    0.005447] ACPI: SSDT 0x0000000043ADC000 00D337 (v02 INTEL  TcssSsdt 00001000 INTL 20200717)
[    0.005448] ACPI: SSDT 0x0000000043ADB000 00094D (v02 ACRSYS ACRPRDCT 00003000 1025 00040000)
[    0.005450] ACPI: SSDT 0x0000000043ADA000 000033 (v02 ACRSYS ACRPRDCT 00003000 1025 00040000)
[    0.005451] ACPI: SSDT 0x0000000043AD8000 001266 (v02 ACRSYS ACRPRDCT 00001000 1025 00040000)
[    0.005453] ACPI: SSDT 0x0000000043AD7000 00077B (v02 ACRSYS ACRPRDCT 00001000 1025 00040000)
[    0.005455] ACPI: TPM2 0x0000000043AD6000 00004C (v04 ACRSYS ACRPRDCT 00000002 1025 00040000)
[    0.005456] ACPI: MSDM 0x0000000043AD5000 000055 (v03 ACRSYS ACRPRDCT 00000001 1025 00040000)
[    0.005458] ACPI: LPIT 0x0000000043AD4000 0000CC (v01 ACRSYS ACRPRDCT 00000002 1025 00040000)
[    0.005459] ACPI: WSMT 0x0000000043AD3000 000028 (v01 ACRSYS ACRPRDCT 00000002 1025 00040000)
[    0.005461] ACPI: SSDT 0x0000000043AD2000 000AD9 (v02 ACRSYS ACRPRDCT 00001000 1025 00040000)
[    0.005462] ACPI: SSDT 0x0000000043ACF000 002357 (v02 ACRSYS ACRPRDCT 00000000 1025 00040000)
[    0.005464] ACPI: DBGP 0x0000000043ACE000 000034 (v01 ACRSYS ACRPRDCT 00000002 1025 00040000)
[    0.005465] ACPI: DBG2 0x0000000043AFD000 000054 (v00 ACRSYS ACRPRDCT 00000002 1025 00040000)
[    0.005467] ACPI: NHLT 0x0000000043ACB000 001B62 (v00 ACRSYS ACRPRDCT 00000002 1025 00040000)
[    0.005469] ACPI: SSDT 0x0000000043AC2000 008AB7 (v01 ACRSYS ACRPRDCT 00001000 1025 00040000)
[    0.005470] ACPI: HPET 0x0000000043AC0000 000038 (v01 ACRSYS ACRPRDCT 00000002 1025 00040000)
[    0.005472] ACPI: APIC 0x0000000043ABF000 0001DC (v04 ACRSYS ACRPRDCT 00000002 1025 00040000)
[    0.005473] ACPI: MCFG 0x0000000043ABE000 00003C (v01 ACRSYS ACRPRDCT 00000002 1025 00040000)
[    0.005475] ACPI: SSDT 0x0000000043A45000 003C6D (v02 ACRSYS ACRPRDCT 00000002 1025 00040000)
[    0.005476] ACPI: SSDT 0x0000000043A44000 00016C (v02 ACRSYS ACRPRDCT 00000002 1025 00040000)
[    0.005478] ACPI: $H2O 0x0000000043A43000 00002C (v01 ACRSYS ACRPRDCT 00000001 1025 00040000)
[    0.005479] ACPI: DMAR 0x0000000043A42000 000088 (v02 ACRSYS ACRPRDCT 00000002 1025 00040000)
[    0.005481] ACPI: SSDT 0x0000000043A3F000 00263D (v01 ACRSYS ACRPRDCT 00001000 1025 00040000)
[    0.005482] ACPI: UEFI 0x00000000438A8000 00063A (v01 ACRSYS ACRPRDCT 00000000 1025 00040000)
[    0.005484] ACPI: UEFI 0x00000000438A7000 00005C (v01 ACRSYS ACRPRDCT 00000000 1025 00040000)
[    0.005486] ACPI: SSDT 0x0000000043A3E000 000497 (v02 ACRSYS ACRPRDCT 00000000 1025 00040000)
[    0.005487] ACPI: SSDT 0x0000000043A3A000 003AEA (v02 ACRSYS ACRPRDCT 00003000 1025 00040000)
[    0.005489] ACPI: SSDT 0x0000000043A37000 002B2A (v02 ACRSYS ACRPRDCT 00003000 1025 00040000)
[    0.005490] ACPI: SSDT 0x0000000043A35000 0010B5 (v02 ACRSYS ACRPRDCT 00001000 1025 00040000)
[    0.005492] ACPI: SSDT 0x0000000043A34000 0000F8 (v01 ACRSYS ACRPRDCT 00001000 1025 00040000)
[    0.005494] ACPI: FPDT 0x0000000043A33000 000044 (v01 ACRSYS ACRPRDCT 00000002 1025 00040000)
[    0.005495] ACPI: PHAT 0x0000000043ACD000 0005B1 (v00 ACRSYS ACRPRDCT 00000005 1025 00040000)
[    0.005497] ACPI: BGRT 0x0000000043A32000 000038 (v01 ACRSYS ACRPRDCT 00000001 1025 00040000)
[    0.005498] ACPI: Reserving FACP table memory at [mem 0x43ac1000-0x43ac1113]
[    0.005499] ACPI: Reserving DSDT table memory at [mem 0x43a49000-0x43abdced]
[    0.005499] ACPI: Reserving FACS table memory at [mem 0x438ef000-0x438ef03f]
[    0.005500] ACPI: Reserving UEFI table memory at [mem 0x439be000-0x439be235]
[    0.005500] ACPI: Reserving SSDT table memory at [mem 0x43af9000-0x43afc79c]
[    0.005501] ACPI: Reserving SSDT table memory at [mem 0x43af8000-0x43af838b]
[    0.005501] ACPI: Reserving SSDT table memory at [mem 0x43af7000-0x43af7105]
[    0.005501] ACPI: Reserving SSDT table memory at [mem 0x43af1000-0x43af6d21]
[    0.005502] ACPI: Reserving SSDT table memory at [mem 0x43aee000-0x43af0b21]
[    0.005502] ACPI: Reserving SSDT table memory at [mem 0x43aea000-0x43aed3d2]
[    0.005503] ACPI: Reserving SSDT table memory at [mem 0x43adc000-0x43ae9336]
[    0.005503] ACPI: Reserving SSDT table memory at [mem 0x43adb000-0x43adb94c]
[    0.005504] ACPI: Reserving SSDT table memory at [mem 0x43ada000-0x43ada032]
[    0.005504] ACPI: Reserving SSDT table memory at [mem 0x43ad8000-0x43ad9265]
[    0.005504] ACPI: Reserving SSDT table memory at [mem 0x43ad7000-0x43ad777a]
[    0.005505] ACPI: Reserving TPM2 table memory at [mem 0x43ad6000-0x43ad604b]
[    0.005505] ACPI: Reserving MSDM table memory at [mem 0x43ad5000-0x43ad5054]
[    0.005506] ACPI: Reserving LPIT table memory at [mem 0x43ad4000-0x43ad40cb]
[    0.005506] ACPI: Reserving WSMT table memory at [mem 0x43ad3000-0x43ad3027]
[    0.005506] ACPI: Reserving SSDT table memory at [mem 0x43ad2000-0x43ad2ad8]
[    0.005507] ACPI: Reserving SSDT table memory at [mem 0x43acf000-0x43ad1356]
[    0.005507] ACPI: Reserving DBGP table memory at [mem 0x43ace000-0x43ace033]
[    0.005508] ACPI: Reserving DBG2 table memory at [mem 0x43afd000-0x43afd053]
[    0.005508] ACPI: Reserving NHLT table memory at [mem 0x43acb000-0x43accb61]
[    0.005509] ACPI: Reserving SSDT table memory at [mem 0x43ac2000-0x43acaab6]
[    0.005509] ACPI: Reserving HPET table memory at [mem 0x43ac0000-0x43ac0037]
[    0.005509] ACPI: Reserving APIC table memory at [mem 0x43abf000-0x43abf1db]
[    0.005510] ACPI: Reserving MCFG table memory at [mem 0x43abe000-0x43abe03b]
[    0.005510] ACPI: Reserving SSDT table memory at [mem 0x43a45000-0x43a48c6c]
[    0.005511] ACPI: Reserving SSDT table memory at [mem 0x43a44000-0x43a4416b]
[    0.005511] ACPI: Reserving $H2O table memory at [mem 0x43a43000-0x43a4302b]
[    0.005511] ACPI: Reserving DMAR table memory at [mem 0x43a42000-0x43a42087]
[    0.005512] ACPI: Reserving SSDT table memory at [mem 0x43a3f000-0x43a4163c]
[    0.005512] ACPI: Reserving UEFI table memory at [mem 0x438a8000-0x438a8639]
[    0.005513] ACPI: Reserving UEFI table memory at [mem 0x438a7000-0x438a705b]
[    0.005513] ACPI: Reserving SSDT table memory at [mem 0x43a3e000-0x43a3e496]
[    0.005514] ACPI: Reserving SSDT table memory at [mem 0x43a3a000-0x43a3dae9]
[    0.005514] ACPI: Reserving SSDT table memory at [mem 0x43a37000-0x43a39b29]
[    0.005514] ACPI: Reserving SSDT table memory at [mem 0x43a35000-0x43a360b4]
[    0.005515] ACPI: Reserving SSDT table memory at [mem 0x43a34000-0x43a340f7]
[    0.005515] ACPI: Reserving FPDT table memory at [mem 0x43a33000-0x43a33043]
[    0.005516] ACPI: Reserving PHAT table memory at [mem 0x43acd000-0x43acd5b0]
[    0.005516] ACPI: Reserving BGRT table memory at [mem 0x43a32000-0x43a32037]
[    0.024228] ACPI: PM-Timer IO Port: 0x1808
[    0.024234] ACPI: LAPIC_NMI (acpi_id[0x01] high edge lint[0x1])
[    0.024235] ACPI: LAPIC_NMI (acpi_id[0x02] high edge lint[0x1])
[    0.024236] ACPI: LAPIC_NMI (acpi_id[0x03] high edge lint[0x1])
[    0.024236] ACPI: LAPIC_NMI (acpi_id[0x04] high edge lint[0x1])
[    0.024237] ACPI: LAPIC_NMI (acpi_id[0x05] high edge lint[0x1])
[    0.024237] ACPI: LAPIC_NMI (acpi_id[0x06] high edge lint[0x1])
[    0.024237] ACPI: LAPIC_NMI (acpi_id[0x07] high edge lint[0x1])
[    0.024238] ACPI: LAPIC_NMI (acpi_id[0x08] high edge lint[0x1])
[    0.024238] ACPI: LAPIC_NMI (acpi_id[0x09] high edge lint[0x1])
[    0.024238] ACPI: LAPIC_NMI (acpi_id[0x0a] high edge lint[0x1])
[    0.024239] ACPI: LAPIC_NMI (acpi_id[0x0b] high edge lint[0x1])
[    0.024239] ACPI: LAPIC_NMI (acpi_id[0x0c] high edge lint[0x1])
[    0.024240] ACPI: LAPIC_NMI (acpi_id[0x0d] high edge lint[0x1])
[    0.024240] ACPI: LAPIC_NMI (acpi_id[0x0e] high edge lint[0x1])
[    0.024240] ACPI: LAPIC_NMI (acpi_id[0x0f] high edge lint[0x1])
[    0.024241] ACPI: LAPIC_NMI (acpi_id[0x10] high edge lint[0x1])
[    0.024241] ACPI: LAPIC_NMI (acpi_id[0x11] high edge lint[0x1])
[    0.024241] ACPI: LAPIC_NMI (acpi_id[0x12] high edge lint[0x1])
[    0.024242] ACPI: LAPIC_NMI (acpi_id[0x13] high edge lint[0x1])
[    0.024242] ACPI: LAPIC_NMI (acpi_id[0x14] high edge lint[0x1])
[    0.024243] ACPI: LAPIC_NMI (acpi_id[0x15] high edge lint[0x1])
[    0.024243] ACPI: LAPIC_NMI (acpi_id[0x16] high edge lint[0x1])
[    0.024243] ACPI: LAPIC_NMI (acpi_id[0x17] high edge lint[0x1])
[    0.024244] ACPI: LAPIC_NMI (acpi_id[0x00] high edge lint[0x1])
[    0.024280] ACPI: INT_SRC_OVR (bus 0 bus_irq 0 global_irq 2 dfl dfl)
[    0.024282] ACPI: INT_SRC_OVR (bus 0 bus_irq 9 global_irq 9 high level)
[    0.024284] ACPI: Using ACPI (MADT) for SMP configuration information
[    0.024285] ACPI: HPET id: 0x8086a201 base: 0xfed00000
[    0.076788] ACPI: Core revision 20240827
[    0.101687] ACPI: PM: Registering ACPI NVS region [mem 0x40a0f000-0x439befff] (50003968 bytes)
[    0.103269] acpiphp: ACPI Hot Plug PCI Controller Driver version: 0.5
[    0.103435] ACPI: Added _OSI(Module Device)
[    0.103435] ACPI: Added _OSI(Processor Device)
[    0.103435] ACPI: Added _OSI(3.0 _SCP Extensions)
[    0.103435] ACPI: Added _OSI(Processor Aggregator Device)
[    0.178295] ACPI: 23 ACPI AML tables successfully acquired and loaded
[    0.191588] ACPI: USB4 _OSC: OS supports USB3+ DisplayPort+ PCIe+ XDomain+
[    0.191591] ACPI: USB4 _OSC: OS controls USB3+ DisplayPort+ PCIe+ XDomain+
[    0.194133] ACPI: Dynamic OEM Table Load:
[    0.194147] ACPI: SSDT 0xFFFF8EE641A24000 000394 (v02 PmRef  Cpu0Cst  00003001 INTL 20200717)
[    0.195704] ACPI: Dynamic OEM Table Load:
[    0.195713] ACPI: SSDT 0xFFFF8EE642ACC800 0006AA (v02 PmRef  Cpu0Ist  00003000 INTL 20200717)
[    0.197318] ACPI: Dynamic OEM Table Load:
[    0.197325] ACPI: SSDT 0xFFFF8EE641F5EE00 0001AB (v02 PmRef  Cpu0Psd  00003000 INTL 20200717)
[    0.198799] ACPI: Dynamic OEM Table Load:
[    0.198806] ACPI: SSDT 0xFFFF8EE642ACE000 000476 (v02 PmRef  Cpu0Hwp  00003000 INTL 20200717)
[    0.200761] ACPI: Dynamic OEM Table Load:
[    0.200776] ACPI: SSDT 0xFFFF8EE642AD0000 001BAF (v02 PmRef  ApIst    00003000 INTL 20200717)
[    0.203063] ACPI: Dynamic OEM Table Load:
[    0.203072] ACPI: SSDT 0xFFFF8EE642AD4000 001038 (v02 PmRef  ApHwp    00003000 INTL 20200717)
[    0.205136] ACPI: Dynamic OEM Table Load:
[    0.205146] ACPI: SSDT 0xFFFF8EE642AD6000 001349 (v02 PmRef  ApPsd    00003000 INTL 20200717)
[    0.207250] ACPI: Dynamic OEM Table Load:
[    0.207259] ACPI: SSDT 0xFFFF8EE642AE0000 000FBB (v02 PmRef  ApCst    00003000 INTL 20200717)
[    0.216021] ACPI: EC: EC started
[    0.216023] ACPI: EC: interrupt blocked
[    0.217324] ACPI: EC: EC_CMD/EC_SC=0x66, EC_DATA=0x62
[    0.217326] ACPI: \_SB_.PC00.LPCB.EC0_: Boot DSDT EC used to handle transactions
[    0.217327] ACPI: Interpreter enabled
[    0.217383] ACPI: PM: (supports S0 S3 S4 S5)
[    0.217384] ACPI: Using IOAPIC for interrupt routing
[    0.219437] PCI: Using host bridge windows from ACPI; if necessary, use "pci=nocrs" and report a bug
[    0.222868] ACPI: Enabled 9 GPEs in block 00 to 7F
[    0.224735] ACPI: \_SB_.PC00.PEG1.PXP_: New power resource
[    0.368511] ACPI: \_SB_.PC00.XHCI.RHUB.HS10.BTRT: New power resource
[    0.369045] ACPI: \_SB_.PC00.PAUD: New power resource
[    0.380514] ACPI: \_SB_.PC00.CNVW.WRST: New power resource
[    0.393764] acpi ABCD0000:00: ACPI dock station (docks/bays count: 1)
[    0.402780] ACPI: \_SB_.PC00.VMD0.VOL0.V0PR: New power resource
[    0.402852] ACPI: \_SB_.PC00.VMD0.VOL1.V1PR: New power resource
[    0.402915] ACPI: \_SB_.PC00.VMD0.VOL2.V2PR: New power resource
[    0.402974] ACPI: \_SB_.PC00.VMD0.VOL3.V3PR: New power resource
[    0.403068] ACPI: \_SB_.PC00.TBT0: New power resource
[    0.403128] ACPI: \_SB_.PC00.TBT1: New power resource
[    0.403184] ACPI: \_SB_.PC00.D3C_: New power resource
[    0.517792] ACPI: \PIN_: New power resource
[    0.518603] ACPI: PCI Root Bridge [PC00] (domain 0000 [bus 00-e0])
[    0.518610] acpi PNP0A08:00: _OSC: OS supports [ExtendedConfig ASPM ClockPM Segments MSI EDR HPX-Type3]
[    0.519800] acpi PNP0A08:00: _OSC: platform does not support [AER]
[    0.522141] acpi PNP0A08:00: _OSC: OS now controls [PCIeHotplug SHPCHotplug PME PCIeCapability LTR DPC]
[    0.562236] ACPI: \_SB_.PEPD: Duplicate LPS0 _DSM functions (mask: 0x1)
[    0.570301] ACPI: EC: interrupt unblocked
[    0.570302] ACPI: EC: event unblocked
[    0.570330] ACPI: EC: EC_CMD/EC_SC=0x66, EC_DATA=0x62
[    0.570331] ACPI: EC: GPE=0x6e
[    0.570332] ACPI: \_SB_.PC00.LPCB.EC0_: Boot DSDT EC initialization complete
[    0.570334] ACPI: \_SB_.PC00.LPCB.EC0_: EC: Used to handle transactions and events
[    0.570435] ACPI: bus type USB registered
[    0.571539] PCI: Using ACPI for IRQ routing
[    0.589964] pnp: PnP ACPI init
[    0.593648] pnp: PnP ACPI: found 7 devices
[    0.599358] clocksource: acpi_pm: mask: 0xffffff max_cycles: 0xffffff, max_idle_ns: 2085701024 ns
[    0.659839] ACPI: AC: AC Adapter [ACAD] (on-line)
[    0.659891] ACPI: button: Lid Switch [LID0]
[    0.659936] ACPI: button: Sleep Button [SLPB]
[    0.659999] ACPI: button: Power Button [PWRB]
[    0.660056] ACPI: button: Power Button [PWRF]
[    0.664869] ACPI: thermal: Thermal Zone [TZ00] (56 C)
[    0.665549] ACPI: battery: Slot [BAT1] (battery present)
[    0.667056] hpet_acpi_add: no address or irqs in _CRS
[    0.675979] ACPI: bus type drm_connector registered
[    0.880735] wmi_bus wmi_bus-PNP0C14:00: [Firmware Bug]: WMBF method block execution control method not found
[    0.880866] wmi_bus wmi_bus-PNP0C14:01: [Firmware Bug]: WQ00 data block query control method not found
[    0.895959] ACPI: bus type thunderbolt registered
[    2.532988] acer_wmi: Acer Laptop ACPI-WMI Extras
[    2.533021] acer_wmi: Function bitmap for Communication Button: 0x801
[    2.544862] input: Acer WMI hotkeys as /devices/virtual/input/input13
[    2.628865] nvidia: loading out-of-tree module taints kernel.
[    2.681169] nvidia-nvlink: Nvlink Core is being initialized, major device number 509
[    2.686311] nvidia 0000:01:00.0: enabling device (0006 -> 0007)
[    2.686484] nvidia 0000:01:00.0: vgaarb: VGA decodes changed: olddecodes=io+mem,decodes=none:owns=none
[    2.734646] NVRM: loading NVIDIA UNIX Open Kernel Module for x86_64  580.65.06  Release Build  (dvs-builder@U22-I3-AF03-09-1)  Sun Jul 27 06:54:38 UTC 2025
[    3.024689] nvidia-modeset: Loading NVIDIA UNIX Open Kernel Mode Setting Driver for x86_64  580.65.06  Release Build  (dvs-builder@U22-I3-AF03-09-1)  Sun Jul 27 06:40:45 UTC 2025
[    3.036304] [drm] [nvidia-drm] [GPU ID 0x00000100] Loading driver
[    3.055072] input: HDA NVidia HDMI/DP,pcm=3 as /devices/pci0000:00/0000:00:01.0/0000:01:00.1/sound/card0/input14
[    3.055167] input: HDA NVidia HDMI/DP,pcm=7 as /devices/pci0000:00/0000:00:01.0/0000:01:00.1/sound/card0/input15
[    3.055214] input: HDA NVidia HDMI/DP,pcm=8 as /devices/pci0000:00/0000:00:01.0/0000:01:00.1/sound/card0/input16
[    3.055263] input: HDA NVidia HDMI/DP,pcm=9 as /devices/pci0000:00/0000:00:01.0/0000:01:00.1/sound/card0/input17
[    3.113761] i915 0000:00:02.0: [drm] Skipping intel_backlight registration
[    3.114119] ACPI: video: [Firmware Bug]: ACPI(PEGP) defines _DOD but not _DOS
[    3.114138] ACPI: video: Video Device [PEGP] (multi-head: yes  rom: no  post: no)
[    3.115034] ACPI: video: Video Device [GFX0] (multi-head: yes  rom: no  post: no)
[    3.277771] NVRM: testIfDsmSubFunctionEnabled: GPS ACPI DSM called before _acpiDsmSupportedFuncCacheInit subfunction = 11.
[    4.682650] ACPI BIOS Error (bug): Could not resolve symbol [\_TZ.ETMD], AE_NOT_FOUND (20240827/psargs-332)
[    4.682689] ACPI Error: Aborting method \_SB.IETM._OSC due to previous error (AE_NOT_FOUND) (20240827/psparse-529)
[    4.695380] NVRM: testIfDsmSubFunctionEnabled: GPS ACPI DSM called before _acpiDsmSupportedFuncCacheInit subfunction = 11.
[    4.728311] [drm] Initialized nvidia-drm 0.0.0 for 0000:01:00.0 on minor 2
[    4.728543] nvidia 0000:01:00.0: [drm] Cannot find any crtc or sizes
0000:00:02.0 VGA compatible controller: Intel Corporation Alder Lake-P GT2 [Iris Xe Graphics] (rev 0c)
	Subsystem: Acer Incorporated [ALI] Alder Lake-P GT2 [Iris Xe Graphics]
	Kernel driver in use: i915
--
0000:01:00.0 VGA compatible controller: NVIDIA Corporation GA107M [GeForce RTX 3050 Mobile] (rev a1)
	Subsystem: Acer Incorporated [ALI] GA107M [GeForce RTX 3050 Mobile]
	Kernel driver in use: nvidia


GitHub Copilot: Starting (4/5) *Recommend fixes and workarounds*

Completed (4/5) *Recommend fixes and workarounds*

Thanks — your outputs confirm the situation. I'll summarize concrete diagnosis and give step-by-step, safe things to try (with exact commands). I'll keep this short and actionable.

What we now know (confirmed)
- Only backlight sysfs entry: `nvidia_wmi_ec_backlight` (under WMI/EC path).
- Writing to that file as root changes the file contents but doesn't change the panel brightness.
- i915 (Intel GPU) is in use for the internal display (kernel driver in use: i915).
- dmesg shows: "i915 ... Skipping intel_backlight registration" — so i915 did not register the usual `intel_backlight` control for the panel.
- The internal panel eDP is handled by i915, while an EC/WMI backlight device exists that doesn't actually drive the panel hardware.

Recommended steps (try one at a time; reboot required for kernel cmdline changes)

1) Temporary software workaround (no reboot)
- Use xrandr (software brightness):
  ```
  xrandr --output eDP-1 --brightness 0.5
  ```
  or use your desktop's brightness slider. This doesn't change hardware backlight and is less power-efficient, but it's immediate.

2) Try kernel boot param: acpi_backlight=native
- Purpose: Let the kernel prefer native backlight (intel) and allow i915 to register `intel_backlight`.
- Steps:
  1. Edit GRUB:
     - Open grub and append `acpi_backlight=native` to GRUB_CMDLINE_LINUX_DEFAULT.
  2. Update grub and reboot:
     ```
     sudo update-grub
     sudo reboot
     ```
  3. After reboot check:
     ```
     ls -l /sys/class/backlight
     sudo dmesg | egrep -i 'backlight|intel_backlight|acpi' | sed -n '1,200p'
     ```
  If `intel_backlight` appears and is writable, use brightnessctl or echo to adjust:
  ```
  brightnessctl -d intel_backlight set 50%
  # or
  sudo sh -c 'echo 128 > /sys/class/backlight/intel_backlight/brightness'
  ```

3) If native doesn't work, try `acpi_backlight=vendor` or `video.use_native_backlight=1`
- Repeat the same GRUB edit and reboot steps, but replace the parameter with `acpi_backlight=vendor` or `video.use_native_backlight=1`. Try them one at a time.

4) Try enabling NVIDIA backlight handler (if you'd prefer nvidia to handle it)
- This can help on some hybrid systems where the panel is wired through vendor EC and NVIDIA driver can manage it:
  ```
  echo 'options nvidia NVreg_EnableBacklightHandler=1' | sudo tee /etc/modprobe.d/nvidia-backlight.conf
  sudo update-initramfs -u
  sudo reboot
  ```
  After reboot check `/sys/class/backlight` and dmesg. Note: Secure Boot may block module/initramfs changes; disable Secure Boot or sign modules if needed.

5) If none of the kernel param / module attempts succeed
- Continue using xrandr as a user-level fallback.
- Optionally, we can try a laptop/firmware-specific quirk (sometimes a small ACPI override or kernel quirk is needed). If you'd like, share your laptop model (exact name/SMBIOS) and I can search known quirks for this model.

Exact diagnostics you can paste here (if you'd like me to recommend the exact single best param)
- Output of:
  ```
  ls -l /sys/class/backlight
  readlink -f /sys/class/backlight/*
  sudo dmesg | egrep -i 'backlight|acpi|intel_backlight|nvidia|wmi' | sed -n '1,200p'
  lspci -k | egrep -i 'vga|display' -A3
  cat /proc/cmdline
  ```
If you want, I can (safely) apply one of the kernel param changes to your GRUB config and give the exact commands — tell me which approach you'd like to try first: (A) test `acpi_backlight=native`, (B) test `nvidia NVreg_EnableBacklightHandler=1`, or (C) stick with the software xrandr workaround.If you want, I can (safely) apply one of the kernel param changes to your GRUB config and give the exact commands — tell me which approach you'd like to try first: (A) test `acpi_backlight=native`, (B) test `nvidia NVreg_EnableBacklightHandler=1`, or (C) stick with the software xrandr workaround.

razibit: do them for me

GitHub Copilot: I'll add a short todo list and mark "Add GRUB param" in-progress, then back up grub, add `acpi_backlight=native` if it's not already present, run `update-grub`, and show the new GRUB line. Expected outcome: GRUB is updated and ready; you can reboot to test. 

Created 3 todos

I'll back up grub, modify it to add `acpi_backlight=native` (only if not already present), update grub, and print the updated kernel command-line line so you can reboot. I'll run these commands now. Outcome: file backed up and edited, grub updated. 

Ran terminal command: sudo cp /etc/default/grub /etc/default/grub.bak && sudo sed -n '1,200p' /etc/default/grub

I'll add the parameter into the GRUB_CMDLINE_LINUX_DEFAULT line safely (preserving existing flags) and run update-grub. I'll first check if it's already present, then modify. 

Ran terminal command: grep -q 'acpi_backlight' /etc/default/grub && echo 'already present' || (sudo sed -i.bak -E 's/^(GRUB_CMDLINE_LINUX_DEFAULT=")(.*)(")$/\1\2 acpi_backlight=native\3/' /etc/default/grub && echo 'added acpi_backlight=native'); sed -n '1,200p' /etc/default/grub

Now I'll run update-grub to regenerate grub.cfg and show the new GRUB entry kernel cmdline. 

Ran terminal command: sudo update-grub && grep -m1 '^\s*linux' /boot/grub/grub.cfg | sed -n '1,1p'

Ran terminal command: sudo grep -m1 '^\s*linux' /boot/grub/grub.cfg | sed -n '1,1p'

Starting (2/3) *Reboot and test backlight*

Done — I added acpi_backlight=native to your GRUB kernel command line and regenerated grub.

What I changed
- Backed up grub to grub.bak.
- Appended acpi_backlight=native to GRUB_CMDLINE_LINUX_DEFAULT (it now contains: "quiet splash acpi_backlight=native").
- Ran `sudo update-grub`. The generated kernel cmdline shows the parameter is included:
  linux /boot/vmlinuz-... root=UUID=... ro quiet splash acpi_backlight=native $vt_handoff

Next steps (you must reboot)
- Reboot your machine now:
  ```
  sudo reboot
  ```
- After reboot, check whether i915 registers the native backlight and if the proper device appears:
  ```
  ls -l /sys/class/backlight
  sudo dmesg | egrep -i 'backlight|intel_backlight|acpi' | sed -n '1,200p'
  ```
- If you now see `intel_backlight`, test changing brightness:
  ```
  brightnessctl -d intel_backlight set 50%
  # or as root
  sudo sh -c 'echo 128 > /sys/class/backlight/intel_backlight/brightness'
  ```

If that doesn't work
- Tell me the outputs of the three post-reboot commands above and I'll apply the next fix (enable NVIDIA backlight handler and update initramfs, or try the alternate kernel param `acpi_backlight=vendor`).

razibit: it works bro

GitHub Copilot: I'll mark the reboot/test todo completed and keep the NVIDIA handler step as not-started. Then I'll give a concise summary and safe revert instructions. 

Completed (2/3) *Reboot and test backlight*

Nice — glad it works!

Progress update
- I added acpi_backlight=native to your GRUB config, updated GRUB and you rebooted. That allowed i915 to register the proper backlight control and now brightness changes affect the actual panel.

Quick follow-ups you might want
- If you ever want to revert the GRUB change:
  ```
  sudo cp /etc/default/grub.bak /etc/default/grub
  sudo update-grub
  ```
- If you prefer the NVIDIA handler instead, tell me and I’ll add the NVreg option and update initramfs.

Anything else you want automated (restore script, keybindings, or make brightnessctl default)?
